Loading meshes\a\towershield_steel.nif
Number of records: 10
First record type: NiNode
