Case: 1
Name: dummy
Type: Mangle
All files:
  file1
  dir/file2
Non-recursive:
  file1
Dirs:
  dir
filesize: 11
contents: hello world
