
File: Makefile
Size: 828
First line: GCC=g++ -I../

File: ogre_resource_test.cpp
Size: 1437
First line: #include <iostream>

File: bleh
Does not exist

All source files:
  physfs_server_test.cpp
  dummy_test.cpp
  ogre_resource_test.cpp
  server_common.cpp
  dummy_vfs.cpp
  ogre_client_test.cpp
  ogre_server_test.cpp
