
File: Makefile
Size: 814
First 12 bytes: GCC=g++ -I..

File: testfile.txt
Size: 13
First 12 bytes: hello world!

File: blah_bleh
File doesn't exist
