Hold the Q key to quit:
got event: type=1 index=-1
You are running in script mode, aborting. Run this test with a parameter (any at all) to test the input loop properly

Bye bye!
