Reading cow.raw first
Size: 37502
Done

Loading cow.wav by filename:
rate=11025
channels=1
bits=16
Reading entire buffer into memory
Actually read: 37502
Comparing...
Done
