Loading cow.raw
  rate=11025
  channels=1
  bits=16
Playing
