Playing cow.wav
Playing owl.ogg
Playing cow.wav (from stream)
