Source size: 37502
rate=11025
channels=1
bits=16
Reading entire buffer into memory

Reading cow.raw
Size: 37502

Comparing...

Done
