Loading SDL driver.
Creating window.
Current mode: 640x480
Setting fancy title, cause we like fancy titles.
Loading tile1-blue.png from file.
Loading tile1-yellow.png from memory.
Going bananas.
Taking a breather.
WOW DID YOU SEE THAT!?
Mucking about with the gamma settings
Done.
