Size: 11
Pos: 0
Seeking...
Pos: 3
Reading: 4
Four bytes: lo w
Eof: 0
Pos: 7
Seeking again...
Pos: 11
Eof: 1
Seek to 6
Eof: 0
Pos: 6
Over-reading: 5
Result: world
Eof: 1
Pos: 11
Finally, reading the entire string: 11
Result: hello world
Eof: 1
Pos: 11
