
Creating file
size=0 pos=0 eof=0
size=5 pos=5 eof=0

Appending to file
size=5 pos=5 eof=0
size=12 pos=12 eof=0

Overwriting file
size=0 pos=0 eof=0
size=11 pos=11 eof=0
