Name: hello
As string: hello world
pos=11 eof=1
pos=0 eof=0
pos=3 eof=0
