
Slice 1:
--------
Size: 6
Pos: 0
Seeking...
Reading 6 bytes
Result: hello
Pos: 6
Eof: 1
Seeking:
Pos: 2
Eof: 0
Reading 4 bytes
Result: llo
Pos: 6
Eof: 1
Entire stream as pointer: hello

Slice 2:
--------
Size: 6
Pos: 0
Seeking...
Reading 6 bytes
Result: world
Pos: 6
Eof: 1
Seeking:
Pos: 2
Eof: 0
Reading 4 bytes
Result: rld
Pos: 6
Eof: 1
Entire stream as pointer: world
