Playing ../../mangle/sound/tests/cow.wav
Replaying
pause
restart
Done playing.
