Playing at 0,0,0
Playing at 1,1,0
Playing at -1,0,0
